// Vitest Snapshot v1, https://vitest.dev/guide/snapshot.html

exports[`@pages/Login > Should Render as Expected 1`] = `
<body>
  <div>
    <div />
  </div>
</body>
`;
